Compiling lib\main.dart for the Web...                          
flutter : Wasm dry run succeeded. Consider building and testing your application with the `--wasm` flag. See docs for 
more info: https://docs.flutter.dev/platform-integration/web/wasm
At line:1 char:1
+ flutter build web > build_output.txt 2>&1
+ ~~~~~~~~~~~~~~~~~~~~~~~~~~~~~~~~~~~~~~~~~
    + CategoryInfo          : NotSpecified: (Wasm dry run su...ration/web/wasm:String) [], RemoteException
    + FullyQualifiedErrorId : NativeCommandError
 
Use --no-wasm-dry-run to disable these warnings.
Target dart2js failed: ProcessException: Process exited abnormally with exit code 1:
lib/providers/auth_provider.dart:11:28:
Error: Type 'StateNotifier' not found.
class AuthNotifier extends StateNotifier<AsyncValue<User?>> {
                           ^^^^^^^^^^^^^
lib/providers/auth_provider.dart:7:27:
Error: Method not found: 'StateNotifierProvider'.
final authStateProvider = StateNotifierProvider<AuthNotifier, AsyncValue<User?>>((ref) {
                          ^^^^^^^^^^^^^^^^^^^^^
lib/providers/auth_provider.dart:21:7:
Error: The setter 'state' isn't defined for the type 'AuthNotifier'.
 - 'AuthNotifier' is from 'package:quiz_platform/providers/auth_provider.dart' ('lib/providers/auth_provider.dart').
      state = AsyncValue.data(user);
      ^^^^^
lib/providers/auth_provider.dart:23:7:
Error: The setter 'state' isn't defined for the type 'AuthNotifier'.
 - 'AuthNotifier' is from 'package:quiz_platform/providers/auth_provider.dart' ('lib/providers/auth_provider.dart').
      state = AsyncValue.error(e, st);
      ^^^^^
lib/providers/auth_provider.dart:28:5:
Error: The setter 'state' isn't defined for the type 'AuthNotifier'.
 - 'AuthNotifier' is from 'package:quiz_platform/providers/auth_provider.dart' ('lib/providers/auth_provider.dart').
    state = const AsyncValue.loading();
    ^^^^^
lib/providers/auth_provider.dart:31:7:
Error: The setter 'state' isn't defined for the type 'AuthNotifier'.
 - 'AuthNotifier' is from 'package:quiz_platform/providers/auth_provider.dart' ('lib/providers/auth_provider.dart').
      state = AsyncValue.data(user);
      ^^^^^
lib/providers/auth_provider.dart:33:7:
Error: The setter 'state' isn't defined for the type 'AuthNotifier'.
 - 'AuthNotifier' is from 'package:quiz_platform/providers/auth_provider.dart' ('lib/providers/auth_provider.dart').
      state = AsyncValue.error(e, st);
      ^^^^^
lib/providers/auth_provider.dart:38:5:
Error: The setter 'state' isn't defined for the type 'AuthNotifier'.
 - 'AuthNotifier' is from 'package:quiz_platform/providers/auth_provider.dart' ('lib/providers/auth_provider.dart').
    state = const AsyncValue.loading();
    ^^^^^
lib/providers/auth_provider.dart:41:7:
Error: The setter 'state' isn't defined for the type 'AuthNotifier'.
 - 'AuthNotifier' is from 'package:quiz_platform/providers/auth_provider.dart' ('lib/providers/auth_provider.dart').
      state = AsyncValue.data(user);
      ^^^^^
lib/providers/auth_provider.dart:43:7:
Error: The setter 'state' isn't defined for the type 'AuthNotifier'.
 - 'AuthNotifier' is from 'package:quiz_platform/providers/auth_provider.dart' ('lib/providers/auth_provider.dart').
      state = AsyncValue.error(e, st);
      ^^^^^
lib/providers/auth_provider.dart:48:5:
Error: The setter 'state' isn't defined for the type 'AuthNotifier'.
 - 'AuthNotifier' is from 'package:quiz_platform/providers/auth_provider.dart' ('lib/providers/auth_provider.dart').
    state = const AsyncValue.loading();
    ^^^^^
lib/providers/auth_provider.dart:51:7:
Error: The setter 'state' isn't defined for the type 'AuthNotifier'.
 - 'AuthNotifier' is from 'package:quiz_platform/providers/auth_provider.dart' ('lib/providers/auth_provider.dart').
      state = const AsyncValue.data(null);
      ^^^^^
lib/providers/auth_provider.dart:53:7:
Error: The setter 'state' isn't defined for the type 'AuthNotifier'.
 - 'AuthNotifier' is from 'package:quiz_platform/providers/auth_provider.dart' ('lib/providers/auth_provider.dart').
      state = AsyncValue.error(e, st);
      ^^^^^
Error: Compilation failed.
  Command: D:\FLUTTER\flutter_windows_3.19.0-stable\flutter\bin\cache\dart-sdk\bin\dart.exe compile js 
--platform-binaries=D:\FLUTTER\flutter_windows_3.19.0-stable\flutter\bin\cache\flutter_web_sdk\kernel 
--invoker=flutter_tool -Ddart.vm.product=true -DFLUTTER_VERSION=3.38.5 -DFLUTTER_CHANNEL=stable 
-DFLUTTER_GIT_URL=https://github.com/flutter/flutter.git -DFLUTTER_FRAMEWORK_REVISION=f6ff1529fd 
-DFLUTTER_ENGINE_REVISION=1527ae0ec5 -DFLUTTER_DART_VERSION=3.10.4 -DFLUTTER_WEB_USE_SKIA=true 
-DFLUTTER_WEB_USE_SKWASM=false 
-DFLUTTER_WEB_CANVASKIT_URL=https://www.gstatic.com/flutter-canvaskit/1527ae0ec577a4ef50e65f6fefcfc1326707d9bf/ 
--native-null-assertions --no-source-maps -O4 --minify -o 
D:\QUIZ\.dart_tool\flutter_build\4dbc41c8bce3b6fd414509ddd0a34339\app.dill 
--packages=D:\QUIZ\.dart_tool\package_config.json --cfe-only 
D:\QUIZ\.dart_tool\flutter_build\4dbc41c8bce3b6fd414509ddd0a34339\main.dart
#0      RunResult.throwException (package:flutter_tools/src/base/process.dart:153:5)
#1      _DefaultProcessUtils.run (package:flutter_tools/src/base/process.dart:379:19)
<asynchronous suspension>
#2      Dart2JSTarget.build (package:flutter_tools/src/build_system/targets/web.dart:207:5)
<asynchronous suspension>
#3      _BuildInstance._invokeInternal (package:flutter_tools/src/build_system/build_system.dart:895:9)
<asynchronous suspension>
#4      Future.wait.<anonymous closure> (dart:async/future.dart:546:21)
<asynchronous suspension>
#5      _BuildInstance.invokeTarget (package:flutter_tools/src/build_system/build_system.dart:833:32)
<asynchronous suspension>
#6      Future.wait.<anonymous closure> (dart:async/future.dart:546:21)
<asynchronous suspension>
#7      _BuildInstance.invokeTarget (package:flutter_tools/src/build_system/build_system.dart:833:32)
<asynchronous suspension>
#8      FlutterBuildSystem.build (package:flutter_tools/src/build_system/build_system.dart:653:16)
<asynchronous suspension>
#9      WebBuilder.buildWeb (package:flutter_tools/src/web/compile.dart:94:34)
<asynchronous suspension>
#10     BuildWebCommand.runCommand (package:flutter_tools/src/commands/build_web.dart:296:5)
<asynchronous suspension>
#11     FlutterCommand.run.<anonymous closure> (package:flutter_tools/src/runner/flutter_command.dart:1559:27)
<asynchronous suspension>
#12     AppContext.run.<anonymous closure> (package:flutter_tools/src/base/context.dart:154:19)
<asynchronous suspension>
#13     CommandRunner.runCommand (package:args/command_runner.dart:212:13)
<asynchronous suspension>
#14     FlutterCommandRunner.runCommand.<anonymous closure> 
(package:flutter_tools/src/runner/flutter_command_runner.dart:487:9)
<asynchronous suspension>
#15     AppContext.run.<anonymous closure> (package:flutter_tools/src/base/context.dart:154:19)
<asynchronous suspension>
#16     FlutterCommandRunner.runCommand (package:flutter_tools/src/runner/flutter_command_runner.dart:422:5)
<asynchronous suspension>
#17     run.<anonymous closure>.<anonymous closure> (package:flutter_tools/runner.dart:104:11)
<asynchronous suspension>
#18     AppContext.run.<anonymous closure> (package:flutter_tools/src/base/context.dart:154:19)
<asynchronous suspension>
#19     main (package:flutter_tools/executable.dart:103:3)
<asynchronous suspension>

Compiling lib\main.dart for the Web...                             56.1s
Error: Failed to compile application for the Web.
